
[TestNextCmd/summon_next_window_from_scratchpad - 1]
[]testutils.AeroSpaceTree{
    {
        Windows: {
            {WindowID:1234, WindowTitle:"", AppName:"Notepad", AppBundleID:"", Workspace:""},
            {WindowID:5678, WindowTitle:"", AppName:"Finder", AppBundleID:"", Workspace:""},
        },
        Workspace:       &aerospace.Workspace{Workspace:"ws1"},
        FocusedWindowId: 5678,
    },
    {
        Windows: {
            {WindowID:9999, WindowTitle:"", AppName:"Scratchpad Window", AppBundleID:"", Workspace:""},
            {WindowID:8888, WindowTitle:"", AppName:"Another Scratchpad Window", AppBundleID:"", Workspace:""},
        },
        Workspace:       &aerospace.Workspace{Workspace:".scratchpad"},
        FocusedWindowId: 0,
    },
}
aerospace-scratchpad next

Output
Window '9999 | Scratchpad Window ' is moved to workspace 'ws1'

Error
<nil>
---
